INT
ID
SEMICOLON
INT
ID
LBRACKETS
NUMBER
RBRACKETS
SEMICOLON
INT
ID
LPAREN
VOID
RPAREN
LBRACES
RETURN
SEMICOLON
RBRACES
VOID
ID
LPAREN
INT
ID
RPAREN
LBRACES
RBRACES
INT
ID
LPAREN
INT
ID
COMMA
INT
ID
RPAREN
LBRACES
INT
ID
SEMICOLON
ID
ATTRIBUTION
ID
PLUS
ID
MINUS
NUMBER
SEMICOLON
IF
LPAREN
ID
DIFFERENT
NUMBER
RPAREN
LBRACES
ID
ATTRIBUTION
NUMBER
SEMICOLON
RBRACES
RETURN
LPAREN
ID
RPAREN
SEMICOLON
RBRACES
INT
ID
LPAREN
VOID
RPAREN
LBRACES
ID
ATTRIBUTION
ID
LPAREN
RPAREN
SEMICOLON
ID
ATTRIBUTION
ID
LPAREN
RPAREN
SEMICOLON
ID
LBRACKETS
NUMBER
RBRACKETS
ATTRIBUTION
ID
SEMICOLON
ID
LBRACKETS
NUMBER
RBRACKETS
ATTRIBUTION
ID
LPAREN
ID
COMMA
ID
RPAREN
SEMICOLON
ID
LPAREN
ID
RPAREN
SEMICOLON
RETURN
LPAREN
NUMBER
RPAREN
SEMICOLON
RBRACES
