INT
ID
LPAREN
INT
ID
COMMA
INT
ID
RPAREN
LBRACES
RETURN
ID
PLUS
ID
SEMICOLON
RBRACES
INT
ID
LPAREN
VOID
RPAREN
LBRACES
INT
ID
SEMICOLON
INT
ID
SEMICOLON
INT
ID
SEMICOLON
INT
ATTRIBUTION
ID
LPAREN
RPAREN
SEMICOLON
ID
ATTRIBUTION
ID
LPAREN
RPAREN
SEMICOLON
ID
ATTRIBUTION
ID
LPAREN
ID
COMMA
ID
RPAREN
SEMICOLON
ID
LPAREN
ID
RPAREN
SEMICOLON
RETURN
NUMBER
SEMICOLON
RBRACES
