INT
ID
LPAREN
INT
ID
COMMA
INT
ID
RPAREN
LBRACES
IF
LPAREN
ID
EQUALS
NUMBER
RPAREN
RETURN
ID
SEMICOLON
ELSE
RETURN
ID
LPAREN
ID
COMMA
ID
MINUS
ID
DIVIDE
ID
TIMES
ID
RPAREN
SEMICOLON
RBRACES
VOID
ID
LPAREN
VOID
RPAREN
LBRACES
INT
ID
SEMICOLON
INT
ID
SEMICOLON
ID
ATTRIBUTION
ID
LPAREN
RPAREN
SEMICOLON
ID
ATTRIBUTION
ID
LPAREN
RPAREN
SEMICOLON
ID
LPAREN
ID
LPAREN
ID
COMMA
ID
RPAREN
SEMICOLON
RBRACES
