INT
ID
SEMICOLON
INT
ID
LBRACKETS
NUMBER
RBRACKETS
SEMICOLON
INT
ID
LBRACKETS
NUMBER
RBRACKETS
LBRACKETS
NUMBER
RBRACKETS
SEMICOLON
ID
ATTRIBUTION
NUMBER
SEMICOLON
INT
ID
LPAREN
INT
ID
COMMA
INT
ID
RPAREN
LBRACES
INT
ID
SEMICOLON
ID
ATTRIBUTION
ID
PLUS
ID
SEMICOLON
RETURN
LPAREN
ID
RPAREN
SEMICOLON
RBRACES
INT
ID
LPAREN
RPAREN
LBRACES
ID
ATTRIBUTION
ID
LPAREN
RPAREN
SEMICOLON
ID
ATTRIBUTION
ID
LPAREN
RPAREN
SEMICOLON
ID
LBRACKETS
NUMBER
RBRACKETS
ATTRIBUTION
ID
SEMICOLON
ID
LBRACKETS
NUMBER
RBRACKETS
ATTRIBUTION
ID
SEMICOLON
ID
LBRACKETS
NUMBER
RBRACKETS
LBRACKETS
NUMBER
RBRACKETS
ATTRIBUTION
ID
LPAREN
ID
COMMA
ID
RPAREN
SEMICOLON
ID
LPAREN
ID
LBRACKETS
NUMBER
RBRACKETS
RPAREN
SEMICOLON
RETURN
LPAREN
NUMBER
RPAREN
SEMICOLON
RBRACES
