INT
ID
LPAREN
VOID
RPAREN
LBRACES
RETURN
LPAREN
NUMBER
RPAREN
SEMICOLON
RBRACES
