INT
ID
SEMICOLON
FLOAT
ID
SEMICOLON
INT
ID
LPAREN
VOID
RPAREN
LBRACES
INT
ID
SEMICOLON
FLOAT
ID
SEMICOLON
RETURN
LPAREN
NUMBER
RPAREN
SEMICOLON
RBRACES
